// Jest Snapshot v1, https://goo.gl/fbAQLP

exports[`landing page 1`] = `
<section
  className="landing-container"
>
  <nav
    className="landing-nav"
  >
    <div
      className="logo"
    >
      Tagger
    </div>
    <div>
      <ul>
        <li>
          <a
            href="/"
          >
            Home
          </a>
        </li>
        <li>
          <a
            href="/about"
          >
            About
          </a>
        </li>
        <li>
          <a
            href="https://accounts.google.com/o/oauth2/v2/auth?scope=https%3A//mail.google.com/ profile https%3A//www.google.com/m8/feeds https%3A//www.googleapis.com/auth/userinfo.email https%3A//www.googleapis.com/auth/user.emails.read&redirect_uri=http://localhost:3000/inbox&response_type=token id_token&nonce=1.9498608719610776e+21&client_id=765722368782-j3bqp7gm072b0vd1lv97kgh2mnp37b7j.apps.googleusercontent.com"
          >
            Sign In
          </a>
        </li>
      </ul>
    </div>
  </nav>
  <div
    className="landing-content"
  >
    <div
      className="landing-section landing-banner"
      style={
        Object {
          "backgroundImage": "url(computer_unsplash.jpg)",
          "backgroundPosition": "center",
          "backgroundRepeat": "no-repeat",
          "backgroundSize": "cover",
        }
      }
    />
    <div
      className="landing-section landing-section1"
    >
      <div
        className="landing-feature feature-1"
      >
        <div>
          <h3>
            Stay connected
          </h3>
          <p>
            Whoever you're talking to -- clients, friends, or family -- stay in touch and see your connections right in your dashboard. You'll see stats that show you how frequently you email eachother, the last date that you contacted them, and more, right next to your messages.
          </p>
        </div>
        <img
          className="product-img"
          src="gif1.gif"
        />
      </div>
      <div
        className="bottom-border"
      />
      <div
        className="landing-feature feature-2"
      >
        <img
          className="product-img"
          src="contact_dash.png"
        />
        <div>
          <h3>
            Gmail, but better
          </h3>
          <p>
            Our team's spent a lot of time with Gmail -- and even MORE time getting frustrated with it. Tagger is powered by your Gmail account and features a new & improved design, custom-made for your modern life.
          </p>
        </div>
      </div>
      <div
        className="bottom-border"
      />
      <div
        className="landing-feature feature-3"
      >
        <div>
          <h3>
            Work smarter, not harder
          </h3>
          <p>
            Have you ever spent too long searching for an old email thread? Us too! Tagger was built to auto-tag and sort your messages using advanced Machine Learning tools, so you'll never lose track of the conversations that matter to you.
          </p>
        </div>
        <img
          className="product-img"
          src="gif2.gif"
        />
      </div>
    </div>
    <div
      className="landing-section landing-section2"
    />
  </div>
  <div
    className="landing-footer"
  >
    <address>
      123 Fake Street 
      <br />
      San Francisco, CA 
      <br />
      United States
    </address>
    <ul>
      <li>
        <a
          href="#"
        >
          Get To Know Us
        </a>
      </li>
      <li>
        <a
          href="#"
        >
          Careers
        </a>
      </li>
      <li>
        <a
          href="#"
        >
          Support
        </a>
      </li>
      <li>
        <a
          href="#"
        >
          Contact Us
        </a>
      </li>
    </ul>
  </div>
</section>
`;
